{
  "fits": 60,
  "training_seconds": 10.222189920000346,
  "contrasts": [
    {
      "label": "rank4 expected objective: changed minus expected",
      "mean": 1.0010779674371304,
      "min": 0.9981653270474574,
      "max": 1.0063834501264841,
      "values": [
        0.9985789137265075,
        0.998294970833223,
        0.9981653270474574,
        1.0063834501264841,
        1.0039671754519797
      ],
      "descriptive_seed_bootstrap_95": [
        0.9982999018975738,
        1.004282499332931
      ]
    },
    {
      "label": "rank8 expected objective: changed ordinary minus probe",
      "mean": 0.9090377940083408,
      "min": 0.8848809935122517,
      "max": 0.9470494036392714,
      "values": [
        0.8848809935122517,
        0.8852885351592691,
        0.9470494036392714,
        0.9069389927305928,
        0.9210310450003196
      ],
      "descriptive_seed_bootstrap_95": [
        0.8894556100147268,
        0.9294935582154805
      ]
    },
    {
      "label": "rank4 changed: narrow minus broad objective",
      "mean": 0.5786094105430803,
      "min": 0.49904918328810743,
      "max": 0.6424325771364574,
      "values": [
        0.6424325771364574,
        0.5633088642827297,
        0.5907279893929556,
        0.49904918328810743,
        0.5975284386151518
      ],
      "descriptive_seed_bootstrap_95": [
        0.5315969705524408,
        0.616300919263122
      ]
    },
    {
      "label": "rank4 expected: broad minus narrow objective",
      "mean": 0.5812648276890562,
      "min": 0.499118432523932,
      "max": 0.6451879315180786,
      "values": [
        0.6451879315180786,
        0.5704474744018543,
        0.5944882916997709,
        0.499118432523932,
        0.5970820083016444
      ],
      "descriptive_seed_bootstrap_95": [
        0.5372663761942675,
        0.6206186554515469
      ]
    },
    {
      "label": "correlated rank4 changed: ordinary minus probe",
      "mean": 0.6427708639785445,
      "min": 0.6393632734060772,
      "max": 0.6459071450287017,
      "values": [
        0.6459071450287017,
        0.6393632734060772,
        0.6413113191299669,
        0.6431375552678711,
        0.6441350270601058
      ],
      "descriptive_seed_bootstrap_95": [
        0.6407072332816609,
        0.6446443798890973
      ]
    }
  ]
}
